=== SHOT1_NITE_LOGO_DECAL_NITE_R1_Logo_0 (users=1, blend=HASHED, animdata=True) ===
   FCU nodes["IGNITION_Rim_Amount"].outputs[0].default_value : [(216, 0.0), (1084, 0.0), (1108, 0.06), (1128, 0.15), (1148, 0.32), (1161, 0.55), (1169, 0.85), (1174, 1.2)]
  [OUTPUT_MATERIAL] Material Output
      Surface<-IGNITION_Glow_Add.Shader | Volume=None | Displacement=(0.0, 0.0, 0.0) | Thickness=0.0
  [MIX_SHADER] Mix Shader
      Fac<-Image Texture.Alpha | Shader<-Transparent BSDF.BSDF | Shader<-Principled BSDF.BSDF
  [BSDF_TRANSPARENT] Transparent BSDF
      Color=(1.0, 1.0, 1.0, 1.0) | Weight=0.0
  [BSDF_PRINCIPLED] Principled BSDF
      Base Color=(0.005, 0.006, 0.008, 1.0) | Metallic=0.0 | Roughness=0.55 | IOR=1.5 | Alpha=1.0 | Normal=(0.0, 0.0, 0.0) | Weight=0.0 | Diffuse Roughness=0.0 | Subsurface Weight=0.0 | Subsurface Radius=(1.0, 0.2, 0.1) | Subsurface Scale=0.05 | Subsurface IOR=1.4 | Subsurface Anisotropy=0.0 | Specular IOR Level=0.35 | Specular Tint=(1.0, 1.0, 1.0, 1.0) | Anisotropic=0.0 | Anisotropic Rotation=0.0 | Tangent=(0.0, 0.0, 0.0) | Transmission Weight=0.0 | Coat Weight=0.0 | Coat Roughness=0.03 | Coat IOR=1.5 | Coat Tint=(1.0, 1.0, 1.0, 1.0) | Coat Normal=(0.0, 0.0, 0.0) | Sheen Weight=0.0 | Sheen Roughness=0.5 | Sheen Tint=(1.0, 1.0, 1.0, 1.0) | Emission Color=(0.0, 0.0, 0.0, 1.0) | Emission Strength=0.0 | Thin Film Thickness=0.0 | Thin Film IOR=1.33
  [TEX_IMAGE] Image Texture image=NITE R1 LOGO-02.png src=FILE file=D:\接案\26_0825_紅犀牛3D動畫\footages\logo\NITE R1 LOGO-02.png size=(1100, 1181) alpha_mode=STRAIGHT colorspace=sRGB ext=CLIP
      Vector<-Texture Coordinate.UV
  [TEX_COORD] Texture Coordinate
      
  [BSDF_TRANSPARENT] SHOT1_NITE_LOGO_Transparent
      Color=(1.0, 1.0, 1.0, 1.0) | Weight=0.0
  [MIX_SHADER] SHOT1_NITE_LOGO_Fade
      Fac=1.0 | Shader<-SHOT1_NITE_LOGO_Transparent.BSDF | Shader<-Mix Shader.Shader
  [EMISSION] IGNITION_Glow_Emission
      Color=(1.0, 0.85, 0.68, 1.0) | Strength<-IGNITION_Rim_Boost.Value | Weight=0.0
  [ADD_SHADER] IGNITION_Glow_Add
      Shader<-SHOT1_NITE_LOGO_Fade.Shader | Shader<-IGNITION_Glow_Emission.Emission
  [VALUE] IGNITION_Rim_Amount value=0.0000
      
  [LAYER_WEIGHT] IGNITION_Rim_LW
      Blend=0.5 | Normal=(0.0, 0.0, 0.0)
  [MATH] IGNITION_Rim_Pow
      Value<-IGNITION_Rim_LW.Facing | Value=18.0 | Value=0.5
  [MATH] IGNITION_Rim_Mul
      Value<-IGNITION_Rim_Pow.Value | Value<-IGNITION_Rim_Amount.Value | Value=0.5
  [MATH] IGNITION_Rim_Boost
      Value<-IGNITION_Rim_Mul.Value | Value=60.0 | Value=0.5

=== MAT_P01_FRONT_LOGO_REVEAL (users=1, blend=HASHED, animdata=True) ===
   FCU nodes["SHOT1_NITE_LOGO_Fade"].inputs[0].default_value : [(0, 0.0), (96, 0.0), (105, 0.4), (116, 1.0), (360, 1.0)]
  [OUTPUT_MATERIAL] Material Output
      Surface<-IGNITION_Glow_Add.Shader | Volume=None | Displacement=(0.0, 0.0, 0.0) | Thickness=0.0
  [MIX_SHADER] Mix Shader
      Fac<-Image Texture.Alpha | Shader<-Transparent BSDF.BSDF | Shader<-Principled BSDF.BSDF
  [BSDF_TRANSPARENT] Transparent BSDF
      Color=(1.0, 1.0, 1.0, 1.0) | Weight=0.0
  [BSDF_PRINCIPLED] Principled BSDF
      Base Color=(0.76, 0.72, 0.66, 1.0) | Metallic=0.0 | Roughness=0.4 | IOR=1.5 | Alpha=1.0 | Normal=(0.0, 0.0, 0.0) | Weight=0.0 | Diffuse Roughness=0.0 | Subsurface Weight=0.0 | Subsurface Radius=(1.0, 0.2, 0.1) | Subsurface Scale=0.05 | Subsurface IOR=1.4 | Subsurface Anisotropy=0.0 | Specular IOR Level=0.35 | Specular Tint=(1.0, 1.0, 1.0, 1.0) | Anisotropic=0.0 | Anisotropic Rotation=0.0 | Tangent=(0.0, 0.0, 0.0) | Transmission Weight=0.0 | Coat Weight=0.0 | Coat Roughness=0.03 | Coat IOR=1.5 | Coat Tint=(1.0, 1.0, 1.0, 1.0) | Coat Normal=(0.0, 0.0, 0.0) | Sheen Weight=0.0 | Sheen Roughness=0.5 | Sheen Tint=(1.0, 1.0, 1.0, 1.0) | Emission Color=(0.86, 0.9, 1.0, 1.0) | Emission Strength=0.0 | Thin Film Thickness=0.0 | Thin Film IOR=1.33
  [TEX_IMAGE] Image Texture image=NITE R1 LOGO-02.png src=FILE file=D:\接案\26_0825_紅犀牛3D動畫\footages\logo\NITE R1 LOGO-02.png size=(1100, 1181) alpha_mode=STRAIGHT colorspace=sRGB ext=CLIP
      Vector<-Texture Coordinate.UV
  [TEX_COORD] Texture Coordinate
      
  [BSDF_TRANSPARENT] SHOT1_NITE_LOGO_Transparent
      Color=(1.0, 1.0, 1.0, 1.0) | Weight=0.0
  [MIX_SHADER] SHOT1_NITE_LOGO_Fade
      Fac=1.0 | Shader<-SHOT1_NITE_LOGO_Transparent.BSDF | Shader<-Mix Shader.Shader
  [EMISSION] IGNITION_Glow_Emission
      Color=(1.0, 0.85, 0.68, 1.0) | Strength=0.0 | Weight=0.0
  [ADD_SHADER] IGNITION_Glow_Add
      Shader<-SHOT1_NITE_LOGO_Fade.Shader | Shader<-IGNITION_Glow_Emission.Emission

=== MAT_P05W_Logo (users=1, blend=HASHED, animdata=False) ===
  [OUTPUT_MATERIAL] Material Output
      Surface<-Principled BSDF.BSDF | Volume=None | Displacement=(0.0, 0.0, 0.0) | Thickness=0.0
  [BSDF_PRINCIPLED] Principled BSDF
      Base Color=(0.8, 0.83, 0.88, 1.0) | Metallic=1.0 | Roughness=0.22 | IOR=1.5 | Alpha=1.0 | Normal=(0.0, 0.0, 0.0) | Weight=0.0 | Diffuse Roughness=0.0 | Subsurface Weight=0.0 | Subsurface Radius=(1.0, 0.2, 0.1) | Subsurface Scale=0.05 | Subsurface IOR=1.4 | Subsurface Anisotropy=0.0 | Specular IOR Level=0.5 | Specular Tint=(1.0, 1.0, 1.0, 1.0) | Anisotropic=0.0 | Anisotropic Rotation=0.0 | Tangent=(0.0, 0.0, 0.0) | Transmission Weight=0.0 | Coat Weight=0.0 | Coat Roughness=0.03 | Coat IOR=1.5 | Coat Tint=(1.0, 1.0, 1.0, 1.0) | Coat Normal=(0.0, 0.0, 0.0) | Sheen Weight=0.0 | Sheen Roughness=0.5 | Sheen Tint=(1.0, 1.0, 1.0, 1.0) | Emission Color=(1.0, 1.0, 1.0, 1.0) | Emission Strength=0.0 | Thin Film Thickness=0.0 | Thin Film IOR=1.33

=== MAT_P05_Logo (users=1, blend=HASHED, animdata=False) ===
  [OUTPUT_MATERIAL] Material Output
      Surface<-Principled BSDF.BSDF | Volume=None | Displacement=(0.0, 0.0, 0.0) | Thickness=0.0
  [BSDF_PRINCIPLED] Principled BSDF
      Base Color=(0.8, 0.83, 0.88, 1.0) | Metallic=1.0 | Roughness=0.22 | IOR=1.5 | Alpha=1.0 | Normal=(0.0, 0.0, 0.0) | Weight=0.0 | Diffuse Roughness=0.0 | Subsurface Weight=0.0 | Subsurface Radius=(1.0, 0.2, 0.1) | Subsurface Scale=0.05 | Subsurface IOR=1.4 | Subsurface Anisotropy=0.0 | Specular IOR Level=0.5 | Specular Tint=(1.0, 1.0, 1.0, 1.0) | Anisotropic=0.0 | Anisotropic Rotation=0.0 | Tangent=(0.0, 0.0, 0.0) | Transmission Weight=0.0 | Coat Weight=0.0 | Coat Roughness=0.03 | Coat IOR=1.5 | Coat Tint=(1.0, 1.0, 1.0, 1.0) | Coat Normal=(0.0, 0.0, 0.0) | Sheen Weight=0.0 | Sheen Roughness=0.5 | Sheen Tint=(1.0, 1.0, 1.0, 1.0) | Emission Color=(1.0, 1.0, 1.0, 1.0) | Emission Strength=0.0 | Thin Film Thickness=0.0 | Thin Film IOR=1.33


